***
*** help.dbf
***
*
  CONTEXTID  TOPIC                                                                  DETAILS  
           1ÿGeneral                                                               ÿ<MEMO>  
           2ÿCompare tables in 2 folders                                           ÿ<MEMO>  
           3ÿCompare 2 table structures                                            ÿ<MEMO>  
